14:57:15 **** Incremental Build of configuration Debug for project Example ****
make -j8 all 
arm-none-eabi-gcc "../Core/Src/button.c" -mcpu=cortex-m3 -std=gnu11 -g3 -DDEBUG -DUSE_HAL_DRIVER -DSTM32F103x6 -c -I../Core/Inc -I../Drivers/STM32F1xx_HAL_Driver/Inc -I../Drivers/STM32F1xx_HAL_Driver/Inc/Legacy -I../Drivers/CMSIS/Device/ST/STM32F1xx/Include -I../Drivers/CMSIS/Include -O0 -ffunction-sections -fdata-sections -Wall -fstack-usage -MMD -MP -MF"Core/Src/button.d" -MT"Core/Src/button.o" --specs=nano.specs -mfloat-abi=soft -mthumb -o "Core/Src/button.o"
arm-none-eabi-gcc -o "Example.elf" @"objects.list"   -mcpu=cortex-m3 -T"D:\HK211\CO3009\Lab\STM32\Lab 3\Example\STM32F103C6UX_FLASH.ld" --specs=nosys.specs -Wl,-Map="Example.map" -Wl,--gc-sections -static --specs=nano.specs -mfloat-abi=soft -mthumb -Wl,--start-group -lc -lm -Wl,--end-group
Finished building target: Example.elf
 
arm-none-eabi-size   Example.elf 
arm-none-eabi-objdump -h -S  Example.elf  > "Example.list"
arm-none-eabi-objcopy  -O ihex  Example.elf  "Example.hex"
arm-none-eabi-objcopy  -O binary  Example.elf  "Example.bin"
   text	   data	    bss	    dec	    hex	filename
   7292	     40	   1656	   8988	   231c	Example.elf
Finished building: default.size.stdout
 
Finished building: Example.bin
Finished building: Example.hex
 
Finished building: Example.list
 
 
